<?xml version="1.0" encoding="UTF-8"?>
<TestRun id="bd79be4a-aa1a-46f7-86de-43b7b7320990" name="Paul@LUCIDITYPC 2014-09-09 11:42:39" runUser="LucidityPc\Paul" xmlns="http://microsoft.com/schemas/VisualStudio/TeamTest/2010">
  <TestSettings name="Local" id="0ee2c309-c848-4e01-858f-39ebbd0da8aa">
    <Description>These are default test settings for a local test run.</Description>
    <Deployment enabled="false" runDeploymentRoot="Paul_LUCIDITYPC 2014-09-09 11_42_39">
      <DeploymentItem filename="C:\Code\BusBookingSystem\packages\mongocsharpdriver.1.9.2\lib\net35\MongoDB.Bson.dll" />
      <DeploymentItem filename="C:\Code\BusBookingSystem\packages\mongocsharpdriver.1.9.2\lib\net35\MongoDB.Driver.dll" />
      <DeploymentItem filename="C:\Code\BusBookingSystem\BusBookingSystem.Data\bin\Debug\BusBookingSystem.Data.dll" />
      <DeploymentItem filename="C:\Code\BusBookingSystem\BusBookingSystem.Domain\bin\Debug\BusBookingSystem.Domain.dll" />
      <DeploymentItem filename="C:\Code\BusBookingSystem\packages\Ninject.3.2.2.0\lib\net40\Ninject.dll" />
    </Deployment>
    <Execution>
      <TestTypeSpecific />
      <AgentRule name="Execution Agents">
      </AgentRule>
    </Execution>
  </TestSettings>
  <Times creation="2014-09-09T11:42:39.4133559+01:00" queuing="2014-09-09T11:42:40.1478822+01:00" start="2014-09-09T11:42:40.2179326+01:00" finish="2014-09-09T11:42:49.4457407+01:00" />
  <ResultSummary outcome="Error">
    <Counters total="1" executed="1" error="0" failed="0" timeout="0" aborted="1" inconclusive="0" passedButRunAborted="0" notRunnable="0" notExecuted="0" disconnected="0" warning="0" passed="0" completed="0" inProgress="0" pending="0" />
    <RunInfos>
      <RunInfo computerName="LUCIDITYPC" outcome="Error" timestamp="2014-09-09T11:42:49.4447392+01:00">
        <Text>Test host process exited unexpectedly.</Text>
      </RunInfo>
    </RunInfos>
  </ResultSummary>
  <TestDefinitions>
    <UnitTest name="ChangingBusNameChangesNameInBooking" storage="c:\code\busbookingsystem\busbookingsystem.data.tests\bin\debug\busbookingsystem.data.tests.dll" id="2eac1c72-f957-cb05-b4fd-62c8e62f95be">
      <Execution id="f0a52326-7f02-49ca-b3cd-5312ba8d7d51" />
      <TestMethod codeBase="C:/Code/BusBookingSystem/BusBookingSystem.Data.Tests/bin/Debug/BusBookingSystem.Data.Tests.DLL" adapterTypeName="Microsoft.VisualStudio.TestTools.TestTypes.Unit.UnitTestAdapter, Microsoft.VisualStudio.QualityTools.Tips.UnitTest.Adapter, Version=10.0.0.0, Culture=neutral, PublicKeyToken=b03f5f7f11d50a3a" className="BusBookingSystem.Data.Tests.BookingTests, BusBookingSystem.Data.Tests, Version=1.0.0.0, Culture=neutral, PublicKeyToken=null" name="ChangingBusNameChangesNameInBooking" />
    </UnitTest>
  </TestDefinitions>
  <TestLists>
    <TestList name="Results Not in a List" id="8c84fa94-04c1-424b-9868-57a2d4851a1d" />
    <TestList name="All Loaded Results" id="19431567-8539-422a-85d7-44ee4e166bda" />
  </TestLists>
  <TestEntries>
    <TestEntry testId="2eac1c72-f957-cb05-b4fd-62c8e62f95be" executionId="f0a52326-7f02-49ca-b3cd-5312ba8d7d51" testListId="8c84fa94-04c1-424b-9868-57a2d4851a1d" />
  </TestEntries>
  <Results>
    <UnitTestResult executionId="f0a52326-7f02-49ca-b3cd-5312ba8d7d51" testId="2eac1c72-f957-cb05-b4fd-62c8e62f95be" testName="ChangingBusNameChangesNameInBooking" computerName="LUCIDITYPC" duration="00:00:09.1607611" startTime="2014-09-09T11:42:40.2849796+01:00" endTime="2014-09-09T11:42:49.4457407+01:00" testType="13cdc9d9-ddb5-4fa4-a97d-d965ccfc6d4b" outcome="Aborted" testListId="8c84fa94-04c1-424b-9868-57a2d4851a1d" relativeResultsDirectory="f0a52326-7f02-49ca-b3cd-5312ba8d7d51">
    </UnitTestResult>
  </Results>
</TestRun>