<?xml version="1.0" encoding="UTF-8"?>
<TestRun id="50ec67c8-dc66-4fba-ad42-8eba93232d36" name="Paul@LUCIDITYPC 2014-09-09 13:17:23" runUser="LucidityPc\Paul" xmlns="http://microsoft.com/schemas/VisualStudio/TeamTest/2010">
  <TestSettings name="Local" id="0ee2c309-c848-4e01-858f-39ebbd0da8aa">
    <Description>These are default test settings for a local test run.</Description>
    <Deployment enabled="false" runDeploymentRoot="Paul_LUCIDITYPC 2014-09-09 13_17_23">
      <DeploymentItem filename="C:\Code\BusBookingSystem\packages\mongocsharpdriver.1.9.2\lib\net35\MongoDB.Bson.dll" />
      <DeploymentItem filename="C:\Code\BusBookingSystem\packages\mongocsharpdriver.1.9.2\lib\net35\MongoDB.Driver.dll" />
      <DeploymentItem filename="C:\Code\BusBookingSystem\BusBookingSystem.Data\bin\Debug\BusBookingSystem.Data.dll" />
      <DeploymentItem filename="C:\Code\BusBookingSystem\packages\Ninject.3.2.2.0\lib\net40\Ninject.dll" />
      <DeploymentItem filename="C:\Code\BusBookingSystem\BusBookingSystem.Domain\bin\Debug\BusBookingSystem.Domain.dll" />
    </Deployment>
    <Execution>
      <TestTypeSpecific />
      <AgentRule name="Execution Agents">
      </AgentRule>
    </Execution>
  </TestSettings>
  <Times creation="2014-09-09T13:17:23.9667095+01:00" queuing="2014-09-09T13:17:25.0747260+01:00" start="2014-09-09T13:17:25.1437719+01:00" finish="2014-09-09T13:17:31.3758458+01:00" />
  <ResultSummary outcome="Failed">
    <Counters total="3" executed="3" passed="2" error="0" failed="1" timeout="0" aborted="0" inconclusive="0" passedButRunAborted="0" notRunnable="0" notExecuted="0" disconnected="0" warning="0" completed="0" inProgress="0" pending="0" />
  </ResultSummary>
  <TestDefinitions>
    <UnitTest name="ChangingBusNameChangesNameInBooking" storage="c:\code\busbookingsystem\busbookingsystem.data.tests\bin\debug\busbookingsystem.data.tests.dll" id="2eac1c72-f957-cb05-b4fd-62c8e62f95be">
      <Execution id="54931916-a5aa-4d09-a9df-b08776e29b5a" />
      <TestMethod codeBase="C:/Code/BusBookingSystem/BusBookingSystem.Data.Tests/bin/Debug/BusBookingSystem.Data.Tests.DLL" adapterTypeName="Microsoft.VisualStudio.TestTools.TestTypes.Unit.UnitTestAdapter, Microsoft.VisualStudio.QualityTools.Tips.UnitTest.Adapter, Version=10.0.0.0, Culture=neutral, PublicKeyToken=b03f5f7f11d50a3a" className="BusBookingSystem.Data.Tests.BookingTests, BusBookingSystem.Data.Tests, Version=1.0.0.0, Culture=neutral, PublicKeyToken=null" name="ChangingBusNameChangesNameInBooking" />
    </UnitTest>
    <UnitTest name="CanEditBooking" storage="c:\code\busbookingsystem\busbookingsystem.data.tests\bin\debug\busbookingsystem.data.tests.dll" id="badd587a-3bb5-e25b-716e-7d3cbc542793">
      <Execution id="e6618386-ab50-4645-bc5e-7a8d3b2dcb10" />
      <TestMethod codeBase="C:/Code/BusBookingSystem/BusBookingSystem.Data.Tests/bin/Debug/BusBookingSystem.Data.Tests.DLL" adapterTypeName="Microsoft.VisualStudio.TestTools.TestTypes.Unit.UnitTestAdapter, Microsoft.VisualStudio.QualityTools.Tips.UnitTest.Adapter, Version=10.0.0.0, Culture=neutral, PublicKeyToken=b03f5f7f11d50a3a" className="BusBookingSystem.Data.Tests.BookingTests, BusBookingSystem.Data.Tests, Version=1.0.0.0, Culture=neutral, PublicKeyToken=null" name="CanEditBooking" />
    </UnitTest>
    <UnitTest name="CanMakeBooking" storage="c:\code\busbookingsystem\busbookingsystem.data.tests\bin\debug\busbookingsystem.data.tests.dll" id="844e24e6-5ef2-86a5-0ff5-b3572b80bdb9">
      <Execution id="15853692-8473-4431-9200-106be8d9e9f8" />
      <TestMethod codeBase="C:/Code/BusBookingSystem/BusBookingSystem.Data.Tests/bin/Debug/BusBookingSystem.Data.Tests.DLL" adapterTypeName="Microsoft.VisualStudio.TestTools.TestTypes.Unit.UnitTestAdapter, Microsoft.VisualStudio.QualityTools.Tips.UnitTest.Adapter, Version=10.0.0.0, Culture=neutral, PublicKeyToken=b03f5f7f11d50a3a" className="BusBookingSystem.Data.Tests.BookingTests, BusBookingSystem.Data.Tests, Version=1.0.0.0, Culture=neutral, PublicKeyToken=null" name="CanMakeBooking" />
    </UnitTest>
  </TestDefinitions>
  <TestLists>
    <TestList name="Results Not in a List" id="8c84fa94-04c1-424b-9868-57a2d4851a1d" />
    <TestList name="All Loaded Results" id="19431567-8539-422a-85d7-44ee4e166bda" />
  </TestLists>
  <TestEntries>
    <TestEntry testId="2eac1c72-f957-cb05-b4fd-62c8e62f95be" executionId="54931916-a5aa-4d09-a9df-b08776e29b5a" testListId="8c84fa94-04c1-424b-9868-57a2d4851a1d" />
    <TestEntry testId="844e24e6-5ef2-86a5-0ff5-b3572b80bdb9" executionId="15853692-8473-4431-9200-106be8d9e9f8" testListId="8c84fa94-04c1-424b-9868-57a2d4851a1d" />
    <TestEntry testId="badd587a-3bb5-e25b-716e-7d3cbc542793" executionId="e6618386-ab50-4645-bc5e-7a8d3b2dcb10" testListId="8c84fa94-04c1-424b-9868-57a2d4851a1d" />
  </TestEntries>
  <Results>
    <UnitTestResult executionId="54931916-a5aa-4d09-a9df-b08776e29b5a" testId="2eac1c72-f957-cb05-b4fd-62c8e62f95be" testName="ChangingBusNameChangesNameInBooking" computerName="LUCIDITYPC" duration="00:00:04.1631260" startTime="2014-09-09T13:17:25.2098211+01:00" endTime="2014-09-09T13:17:29.7844489+01:00" testType="13cdc9d9-ddb5-4fa4-a97d-d965ccfc6d4b" outcome="Failed" testListId="8c84fa94-04c1-424b-9868-57a2d4851a1d" relativeResultsDirectory="54931916-a5aa-4d09-a9df-b08776e29b5a">
      <Output>
        <ErrorInfo>
          <Message>Assert.AreEqual failed. Expected:&lt;Bertha Changed&gt;. Actual:&lt;Bertha&gt;. </Message>
          <StackTrace>   at BusBookingSystem.Data.Tests.BookingTests.ChangingBusNameChangesNameInBooking() in C:\Code\BusBookingSystem\BusBookingSystem.Data.Tests\BookingTests.cs:line 109
</StackTrace>
        </ErrorInfo>
      </Output>
    </UnitTestResult>
    <UnitTestResult executionId="15853692-8473-4431-9200-106be8d9e9f8" testId="844e24e6-5ef2-86a5-0ff5-b3572b80bdb9" testName="CanMakeBooking" computerName="LUCIDITYPC" duration="00:00:01.3838030" startTime="2014-09-09T13:17:29.7904536+01:00" endTime="2014-09-09T13:17:31.1792996+01:00" testType="13cdc9d9-ddb5-4fa4-a97d-d965ccfc6d4b" outcome="Passed" testListId="8c84fa94-04c1-424b-9868-57a2d4851a1d" relativeResultsDirectory="15853692-8473-4431-9200-106be8d9e9f8">
    </UnitTestResult>
    <UnitTestResult executionId="e6618386-ab50-4645-bc5e-7a8d3b2dcb10" testId="badd587a-3bb5-e25b-716e-7d3cbc542793" testName="CanEditBooking" computerName="LUCIDITYPC" duration="00:00:00.0429401" startTime="2014-09-09T13:17:31.1863062+01:00" endTime="2014-09-09T13:17:31.2333374+01:00" testType="13cdc9d9-ddb5-4fa4-a97d-d965ccfc6d4b" outcome="Passed" testListId="8c84fa94-04c1-424b-9868-57a2d4851a1d" relativeResultsDirectory="e6618386-ab50-4645-bc5e-7a8d3b2dcb10">
    </UnitTestResult>
  </Results>
</TestRun>